// Jest Snapshot v1, https://goo.gl/fbAQLP

exports[`Overview Tests Overview Redux Tests Renders correctly 1`] = `
<div>
  <h1>
    Overview 
    🕵️
  </h1>
  <button
    data-hello={true}
    onClick={[Function]}
  >
    Say Hello
  </button>
  <span>
     🖐 
  </span>
  <button
    data-async={true}
    onClick={[Function]}
  >
    Say it Async
  </button>
  <span>
     → 
  </span>
  <span
    data-message={true}
  />
</div>
`;
